// Jest Snapshot v1, https://goo.gl/fbAQLP

exports[`Box.js test Should match with snapshot 1`] = `
<View
  style={
    Object {
      "paddingHorizontal": 8,
    }
  }
/>
`;
